
> myjobsearchagent@0.1.0 build D:\Tools\Bolt_Hackathon\AIJobSearchAgent
> next build

   Γû▓ Next.js 15.4.8
   - Environments: .env

   Linting and checking validity of types ...

./src/api/createConversation.ts
59:14  Warning: '_e' is defined but never used.  @typescript-eslint/no-unused-vars

./src/api/endConversation.ts
33:16  Warning: '_e' is defined but never used.  @typescript-eslint/no-unused-vars

./src/api/getConversation.ts
33:16  Warning: '_e' is defined but never used.  @typescript-eslint/no-unused-vars

./src/App.tsx
10:8  Warning: 'LoginForm' is defined but never used.  @typescript-eslint/no-unused-vars
11:8  Warning: 'RegisterForm' is defined but never used.  @typescript-eslint/no-unused-vars
12:8  Warning: 'VerifyPhone' is defined but never used.  @typescript-eslint/no-unused-vars
14:8  Warning: 'JobSearchPage' is defined but never used.  @typescript-eslint/no-unused-vars
15:8  Warning: 'JobListingsPage' is defined but never used.  @typescript-eslint/no-unused-vars
16:8  Warning: 'AIInterviewPage' is defined but never used.  @typescript-eslint/no-unused-vars
17:8  Warning: 'Dashboard' is defined but never used.  @typescript-eslint/no-unused-vars

./src/components/applications/ApplicationsList.tsx
77:19  Warning: Unexpected any. Specify a different type.  @typescript-eslint/no-explicit-any

./src/components/auth/ForgotPassword.tsx
85:13  Warning: Using `<img>` could result in slower LCP and higher bandwidth. Consider using `<Image />` from `next/image` or a custom image loader to automatically optimize images. This may incur additional usage or cost from your provider. See: https://nextjs.org/docs/messages/no-img-element  @next/next/no-img-element

./src/components/auth/LoginForm.tsx
17:10  Warning: 'sessionExpired' is assigned a value but never used.  @typescript-eslint/no-unused-vars
27:15  Warning: 'session' is assigned a value but never used.  @typescript-eslint/no-unused-vars
33:15  Warning: 'error' is assigned a value but never used.  @typescript-eslint/no-unused-vars
36:6  Warning: React Hook useEffect has a missing dependency: 'router'. Either include it or remove the dependency array.  react-hooks/exhaustive-deps
47:19  Warning: Unexpected any. Specify a different type.  @typescript-eslint/no-explicit-any
77:13  Warning: Using `<img>` could result in slower LCP and higher bandwidth. Consider using `<Image />` from `next/image` or a custom image loader to automatically optimize images. This may incur additional usage or cost from your provider. See: https://nextjs.org/docs/messages/no-img-element  @next/next/no-img-element

./src/components/auth/RegisterForm.tsx
24:14  Warning: 'err' is defined but never used.  @typescript-eslint/no-unused-vars
36:14  Warning: 'err' is defined but never used.  @typescript-eslint/no-unused-vars
74:25  Warning: Unexpected any. Specify a different type.  @typescript-eslint/no-explicit-any
86:19  Warning: Unexpected any. Specify a different type.  @typescript-eslint/no-explicit-any
117:13  Warning: Using `<img>` could result in slower LCP and higher bandwidth. Consider using `<Image />` from `next/image` or a custom image loader to automatically optimize images. This may incur additional usage or cost from your provider. See: https://nextjs.org/docs/messages/no-img-element  @next/next/no-img-element

./src/components/auth/VerifyPhone.tsx
36:19  Warning: Unexpected any. Specify a different type.  @typescript-eslint/no-explicit-any
47:19  Warning: Unexpected any. Specify a different type.  @typescript-eslint/no-explicit-any
75:13  Warning: Using `<img>` could result in slower LCP and higher bandwidth. Consider using `<Image />` from `next/image` or a custom image loader to automatically optimize images. This may incur additional usage or cost from your provider. See: https://nextjs.org/docs/messages/no-img-element  @next/next/no-img-element

./src/components/CaseStudies.tsx
16:9  Warning: Using `<img>` could result in slower LCP and higher bandwidth. Consider using `<Image />` from `next/image` or a custom image loader to automatically optimize images. This may incur additional usage or cost from your provider. See: https://nextjs.org/docs/messages/no-img-element  @next/next/no-img-element

./src/components/common/ApiErrorBoundary.tsx
18:27  Warning: Unexpected any. Specify a different type.  @typescript-eslint/no-explicit-any
20:18  Warning: Unexpected any. Specify a different type.  @typescript-eslint/no-explicit-any
51:65  Warning: Unexpected any. Specify a different type.  @typescript-eslint/no-explicit-any

./src/components/common/ApiErrorHandler.tsx
7:26  Warning: Unexpected any. Specify a different type.  @typescript-eslint/no-explicit-any
8:18  Warning: Unexpected any. Specify a different type.  @typescript-eslint/no-explicit-any
10:54  Warning: Unexpected any. Specify a different type.  @typescript-eslint/no-explicit-any
41:50  Warning: Unexpected any. Specify a different type.  @typescript-eslint/no-explicit-any
55:19  Warning: Unexpected any. Specify a different type.  @typescript-eslint/no-explicit-any
76:29  Warning: Unexpected any. Specify a different type.  @typescript-eslint/no-explicit-any
79:14  Warning: 'e' is defined but never used.  @typescript-eslint/no-unused-vars

./src/components/common/JsonViewer.tsx
5:9  Warning: Unexpected any. Specify a different type.  @typescript-eslint/no-explicit-any
24:9  Warning: 'formatValue' is assigned a value but never used.  @typescript-eslint/no-unused-vars
24:31  Warning: Unexpected any. Specify a different type.  @typescript-eslint/no-explicit-any

./src/components/common/RequestDetails.tsx
9:10  Warning: Unexpected any. Specify a different type.  @typescript-eslint/no-explicit-any

./src/components/dashboard/AIEnhancementModal.tsx
2:13  Warning: 'Download' is defined but never used.  @typescript-eslint/no-unused-vars
2:67  Warning: 'TrendingUp' is defined but never used.  @typescript-eslint/no-unused-vars
2:79  Warning: 'Award' is defined but never used.  @typescript-eslint/no-unused-vars
4:10  Warning: 'ResumeExtractionService' is defined but never used.  @typescript-eslint/no-unused-vars
11:8  Warning: 'ResumeTemplate' is defined but never used.  @typescript-eslint/no-unused-vars
20:3  Warning: 'resetState' is defined but never used.  @typescript-eslint/no-unused-vars
56:5  Warning: 'cloudProvider' is assigned a value but never used.  @typescript-eslint/no-unused-vars
75:10  Warning: 'additionalPrompt' is assigned a value but never used.  @typescript-eslint/no-unused-vars
75:28  Warning: 'setAdditionalPrompt' is assigned a value but never used.  @typescript-eslint/no-unused-vars
90:10  Warning: 'enhancementStartTime' is assigned a value but never used.  @typescript-eslint/no-unused-vars
134:72  Warning: Unexpected any. Specify a different type.  @typescript-eslint/no-explicit-any
164:11  Warning: 'arrayBufferToBase64' is assigned a value but never used.  @typescript-eslint/no-unused-vars
374:9  Warning: 'handleCloudProviderChange' is assigned a value but never used.  @typescript-eslint/no-unused-vars
381:9  Warning: 'downloadFileFromUrl' is assigned a value but never used.  @typescript-eslint/no-unused-vars
391:14  Warning: 'error' is defined but never used.  @typescript-eslint/no-unused-vars
596:19  Warning: Unexpected any. Specify a different type.  @typescript-eslint/no-explicit-any
616:9  Warning: 'convertResumeJsonToText' is assigned a value but never used.  @typescript-eslint/no-unused-vars
616:48  Warning: Unexpected any. Specify a different type.  @typescript-eslint/no-explicit-any
632:43  Warning: Unexpected any. Specify a different type.  @typescript-eslint/no-explicit-any
713:21  Warning: Unexpected any. Specify a different type.  @typescript-eslint/no-explicit-any
775:21  Warning: Unexpected any. Specify a different type.  @typescript-eslint/no-explicit-any
814:6  Warning: React Hook React.useEffect has a missing dependency: 'htmlStringToPdfDataUrl'. Either include it or remove the dependency array.  react-hooks/exhaustive-deps
1343:46  Warning: Unexpected any. Specify a different type.  @typescript-eslint/no-explicit-any
1373:29  Warning: Unexpected any. Specify a different type.  @typescript-eslint/no-explicit-any
1382:33  Warning: Unexpected any. Specify a different type.  @typescript-eslint/no-explicit-any
1384:20  Warning: Unexpected any. Specify a different type.  @typescript-eslint/no-explicit-any
1448:49  Warning: Unexpected any. Specify a different type.  @typescript-eslint/no-explicit-any
1488:40  Warning: Unexpected any. Specify a different type.  @typescript-eslint/no-explicit-any
1519:46  Warning: Unexpected any. Specify a different type.  @typescript-eslint/no-explicit-any
1534:43  Warning: Unexpected any. Specify a different type.  @typescript-eslint/no-explicit-any
1548:39  Warning: Unexpected any. Specify a different type.  @typescript-eslint/no-explicit-any
1566:53  Warning: Unexpected any. Specify a different type.  @typescript-eslint/no-explicit-any
1579:43  Warning: Unexpected any. Specify a different type.  @typescript-eslint/no-explicit-any
1596:44  Warning: Unexpected any. Specify a different type.  @typescript-eslint/no-explicit-any
1613:43  Warning: Unexpected any. Specify a different type.  @typescript-eslint/no-explicit-any
1625:49  Warning: Unexpected any. Specify a different type.  @typescript-eslint/no-explicit-any
1639:45  Warning: Unexpected any. Specify a different type.  @typescript-eslint/no-explicit-any
1661:51  Warning: Unexpected any. Specify a different type.  @typescript-eslint/no-explicit-any
1678:43  Warning: Unexpected any. Specify a different type.  @typescript-eslint/no-explicit-any
1699:43  Warning: Unexpected any. Specify a different type.  @typescript-eslint/no-explicit-any
1717:41  Warning: Unexpected any. Specify a different type.  @typescript-eslint/no-explicit-any
1734:45  Warning: Unexpected any. Specify a different type.  @typescript-eslint/no-explicit-any
1751:41  Warning: Unexpected any. Specify a different type.  @typescript-eslint/no-explicit-any
1766:47  Warning: Unexpected any. Specify a different type.  @typescript-eslint/no-explicit-any
1780:43  Warning: Unexpected any. Specify a different type.  @typescript-eslint/no-explicit-any
1794:51  Warning: Unexpected any. Specify a different type.  @typescript-eslint/no-explicit-any

./src/components/dashboard/ApplicationModal.tsx
21:6  Warning: 'ApplicationStatusValue' is defined but never used.  @typescript-eslint/no-unused-vars
26:18  Warning: Unexpected any. Specify a different type.  @typescript-eslint/no-explicit-any

./src/components/dashboard/ApplyJobsModal.tsx
22:16  Warning: Unexpected any. Specify a different type.  @typescript-eslint/no-explicit-any
60:6  Warning: React Hook useEffect has missing dependencies: 'jobPreferences' and 'loadJobPreferences'. Either include them or remove the dependency array.  react-hooks/exhaustive-deps
83:19  Warning: Unexpected any. Specify a different type.  @typescript-eslint/no-explicit-any
109:58  Warning: Unexpected any. Specify a different type.  @typescript-eslint/no-explicit-any

./src/components/dashboard/AutomatedApplicationModal.tsx
8:26  Warning: Unexpected any. Specify a different type.  @typescript-eslint/no-explicit-any
40:19  Warning: Unexpected any. Specify a different type.  @typescript-eslint/no-explicit-any
64:65  Warning: Unexpected any. Specify a different type.  @typescript-eslint/no-explicit-any
66:53  Warning: Unexpected any. Specify a different type.  @typescript-eslint/no-explicit-any
204:54  Warning: Unexpected any. Specify a different type.  @typescript-eslint/no-explicit-any

./src/components/dashboard/DashboardHeader.tsx
2:10  Warning: 'Plus' is defined but never used.  @typescript-eslint/no-unused-vars
2:16  Warning: 'Search' is defined but never used.  @typescript-eslint/no-unused-vars
2:70  Warning: 'Crown' is defined but never used.  @typescript-eslint/no-unused-vars
22:3  Warning: 'onAddApplication' is defined but never used.  @typescript-eslint/no-unused-vars
25:3  Warning: 'onFindMoreJobs' is defined but never used.  @typescript-eslint/no-unused-vars
42:9  Warning: 'handleUpgrade' is assigned a value but never used.  @typescript-eslint/no-unused-vars

./src/components/dashboard/DashboardMain.tsx
36:7  Warning: 'ApplicationStatus' is assigned a value but only used as a type.  @typescript-eslint/no-unused-vars
46:6  Warning: 'ApplicationStatusValue' is defined but never used.  @typescript-eslint/no-unused-vars
84:5  Warning: 'isAuthenticated' is assigned a value but never used.  @typescript-eslint/no-unused-vars
106:19  Warning: Unexpected any. Specify a different type.  @typescript-eslint/no-explicit-any
117:74  Warning: Unexpected any. Specify a different type.  @typescript-eslint/no-explicit-any
191:6  Warning: React Hook useEffect has missing dependencies: 'loadApplications' and 'loadSelectedJobsFromWorkflow'. Either include them or remove the dependency array.  react-hooks/exhaustive-deps
216:44  Warning: Unexpected any. Specify a different type.  @typescript-eslint/no-explicit-any
242:19  Warning: Unexpected any. Specify a different type.  @typescript-eslint/no-explicit-any
250:47  Warning: Unexpected any. Specify a different type.  @typescript-eslint/no-explicit-any
290:19  Warning: Unexpected any. Specify a different type.  @typescript-eslint/no-explicit-any
296:57  Warning: Unexpected any. Specify a different type.  @typescript-eslint/no-explicit-any
365:57  Warning: Unexpected any. Specify a different type.  @typescript-eslint/no-explicit-any
380:19  Warning: Unexpected any. Specify a different type.  @typescript-eslint/no-explicit-any
394:19  Warning: Unexpected any. Specify a different type.  @typescript-eslint/no-explicit-any
407:110  Warning: Unexpected any. Specify a different type.  @typescript-eslint/no-explicit-any
414:108  Warning: Unexpected any. Specify a different type.  @typescript-eslint/no-explicit-any
416:19  Warning: Unexpected any. Specify a different type.  @typescript-eslint/no-explicit-any

./src/components/dashboard/ErrorBoundary.tsx
56:65  Warning: Unexpected any. Specify a different type.  @typescript-eslint/no-explicit-any
122:44  Warning: Unexpected any. Specify a different type.  @typescript-eslint/no-explicit-any

./src/components/dashboard/InterviewModal.tsx
33:19  Warning: Unexpected any. Specify a different type.  @typescript-eslint/no-explicit-any

./src/components/dashboard/JobPreferencesModal.tsx
63:6  Warning: React Hook useEffect has a missing dependency: 'showError'. Either include it or remove the dependency array.  react-hooks/exhaustive-deps
75:74  Warning: Unexpected any. Specify a different type.  @typescript-eslint/no-explicit-any
170:92  Warning: Unexpected any. Specify a different type.  @typescript-eslint/no-explicit-any

./src/components/dashboard/JobSearchModal.tsx
59:3  Warning: 'onClear' is defined but never used.  @typescript-eslint/no-unused-vars
70:6  Warning: React Hook useEffect has a missing dependency: 'loadJobPreferences'. Either include it or remove the dependency array.  react-hooks/exhaustive-deps
96:19  Warning: Unexpected any. Specify a different type.  @typescript-eslint/no-explicit-any
101:9  Warning: 'applyPreferencesToSearch' is assigned a value but never used.  @typescript-eslint/no-unused-vars
161:58  Warning: Unexpected any. Specify a different type.  @typescript-eslint/no-explicit-any

./src/components/dashboard/OptimizationResults.tsx
4:88  Warning: 'ChevronDown' is defined but never used.  @typescript-eslint/no-unused-vars
4:101  Warning: 'ChevronUp' is defined but never used.  @typescript-eslint/no-unused-vars
10:10  Warning: 'getCleanHTMLForDocs' is defined but never used.  @typescript-eslint/no-unused-vars
20:22  Warning: Unexpected any. Specify a different type.  @typescript-eslint/no-explicit-any
147:71  Warning: Unexpected any. Specify a different type.  @typescript-eslint/no-explicit-any
147:90  Warning: Unexpected any. Specify a different type.  @typescript-eslint/no-explicit-any
147:123  Warning: 'resultsData' is defined but never used.  @typescript-eslint/no-unused-vars
255:111  Warning: 'onRegenerate' is defined but never used.  @typescript-eslint/no-unused-vars
258:50  Warning: Unexpected any. Specify a different type.  @typescript-eslint/no-explicit-any
260:10  Warning: 'customPrompt' is assigned a value but never used.  @typescript-eslint/no-unused-vars
260:24  Warning: 'setCustomPrompt' is assigned a value but never used.  @typescript-eslint/no-unused-vars
261:10  Warning: 'showPromptSection' is assigned a value but never used.  @typescript-eslint/no-unused-vars
261:29  Warning: 'setShowPromptSection' is assigned a value but never used.  @typescript-eslint/no-unused-vars
380:68  Warning: Unexpected any. Specify a different type.  @typescript-eslint/no-explicit-any

./src/components/dashboard/ProfileModal.tsx
2:13  Warning: 'User' is defined but never used.  @typescript-eslint/no-unused-vars
29:16  Warning: 'error' is defined but never used.  @typescript-eslint/no-unused-vars
80:14  Warning: 'error' is defined but never used.  @typescript-eslint/no-unused-vars
92:41  Warning: Unexpected any. Specify a different type.  @typescript-eslint/no-explicit-any
128:34  Warning: Unexpected any. Specify a different type.  @typescript-eslint/no-explicit-any
129:31  Warning: Unexpected any. Specify a different type.  @typescript-eslint/no-explicit-any
130:31  Warning: Unexpected any. Specify a different type.  @typescript-eslint/no-explicit-any
131:34  Warning: Unexpected any. Specify a different type.  @typescript-eslint/no-explicit-any
132:41  Warning: Unexpected any. Specify a different type.  @typescript-eslint/no-explicit-any
133:36  Warning: Unexpected any. Specify a different type.  @typescript-eslint/no-explicit-any
134:36  Warning: Unexpected any. Specify a different type.  @typescript-eslint/no-explicit-any
135:40  Warning: Unexpected any. Specify a different type.  @typescript-eslint/no-explicit-any
136:35  Warning: Unexpected any. Specify a different type.  @typescript-eslint/no-explicit-any
137:32  Warning: Unexpected any. Specify a different type.  @typescript-eslint/no-explicit-any
138:40  Warning: Unexpected any. Specify a different type.  @typescript-eslint/no-explicit-any
139:36  Warning: Unexpected any. Specify a different type.  @typescript-eslint/no-explicit-any
140:40  Warning: Unexpected any. Specify a different type.  @typescript-eslint/no-explicit-any
141:40  Warning: Unexpected any. Specify a different type.  @typescript-eslint/no-explicit-any
142:36  Warning: Unexpected any. Specify a different type.  @typescript-eslint/no-explicit-any
143:47  Warning: Unexpected any. Specify a different type.  @typescript-eslint/no-explicit-any
144:43  Warning: Unexpected any. Specify a different type.  @typescript-eslint/no-explicit-any
145:38  Warning: Unexpected any. Specify a different type.  @typescript-eslint/no-explicit-any
146:38  Warning: Unexpected any. Specify a different type.  @typescript-eslint/no-explicit-any
147:36  Warning: Unexpected any. Specify a different type.  @typescript-eslint/no-explicit-any
149:36  Warning: Unexpected any. Specify a different type.  @typescript-eslint/no-explicit-any
150:34  Warning: Unexpected any. Specify a different type.  @typescript-eslint/no-explicit-any
151:37  Warning: Unexpected any. Specify a different type.  @typescript-eslint/no-explicit-any

./src/components/dashboard/ResumeTemplate.tsx
1995:20  Warning: '_twoColumnSkills' is assigned a value but never used.  @typescript-eslint/no-unused-vars
1998:16  Warning: '_maxProjects' is assigned a value but never used.  @typescript-eslint/no-unused-vars
1999:22  Warning: '_maxProjectBullets' is assigned a value but never used.  @typescript-eslint/no-unused-vars
2002:20  Warning: '_allowSecondPage' is assigned a value but never used.  @typescript-eslint/no-unused-vars
2003:18  Warning: '_projectsFirst' is assigned a value but never used.  @typescript-eslint/no-unused-vars
2004:23  Warning: '_educationBulletize' is assigned a value but never used.  @typescript-eslint/no-unused-vars
2399:9  Warning: 'prioritizedSkills' is assigned a value but never used.  @typescript-eslint/no-unused-vars
2622:9  Warning: 'keyProjectsSection' is assigned a value but never used.  @typescript-eslint/no-unused-vars

./src/components/dashboard/ResumeTemplateForm.tsx
66:26  Warning: Unexpected any. Specify a different type.  @typescript-eslint/no-explicit-any
116:40  Warning: Unexpected any. Specify a different type.  @typescript-eslint/no-explicit-any
148:40  Warning: Unexpected any. Specify a different type.  @typescript-eslint/no-explicit-any
428:48  Warning: Unexpected any. Specify a different type.  @typescript-eslint/no-explicit-any
513:49  Warning: Unexpected any. Specify a different type.  @typescript-eslint/no-explicit-any
618:51  Warning: Unexpected any. Specify a different type.  @typescript-eslint/no-explicit-any
682:54  Warning: Unexpected any. Specify a different type.  @typescript-eslint/no-explicit-any
745:47  Warning: Unexpected any. Specify a different type.  @typescript-eslint/no-explicit-any
811:49  Warning: Unexpected any. Specify a different type.  @typescript-eslint/no-explicit-any

./src/components/dashboard/SavedResumePage.tsx
2:43  Warning: 'ArrowLeft' is defined but never used.  @typescript-eslint/no-unused-vars
2:54  Warning: 'Briefcase' is defined but never used.  @typescript-eslint/no-unused-vars
16:16  Warning: Unexpected any. Specify a different type.  @typescript-eslint/no-explicit-any
41:6  Warning: React Hook useEffect has a missing dependency: 'loadSavedResumes'. Either include it or remove the dependency array.  react-hooks/exhaustive-deps
71:19  Warning: Unexpected any. Specify a different type.  @typescript-eslint/no-explicit-any

./src/components/dashboard/UpgradeModal.tsx
8:17  Warning: Unexpected any. Specify a different type.  @typescript-eslint/no-explicit-any

./src/components/DialogWrapper.tsx
21:7  Warning: Using `<img>` could result in slower LCP and higher bandwidth. Consider using `<Image />` from `next/image` or a custom image loader to automatically optimize images. This may incur additional usage or cost from your provider. See: https://nextjs.org/docs/messages/no-img-element  @next/next/no-img-element
64:7  Warning: Using `<img>` could result in slower LCP and higher bandwidth. Consider using `<Image />` from `next/image` or a custom image loader to automatically optimize images. This may incur additional usage or cost from your provider. See: https://nextjs.org/docs/messages/no-img-element  @next/next/no-img-element
127:7  Warning: Using `<img>` could result in slower LCP and higher bandwidth. Consider using `<Image />` from `next/image` or a custom image loader to automatically optimize images. This may incur additional usage or cost from your provider. See: https://nextjs.org/docs/messages/no-img-element  @next/next/no-img-element

./src/components/forms/ProfileForm.tsx
2:59  Warning: 'Phone' is defined but never used.  @typescript-eslint/no-unused-vars
2:66  Warning: 'Mail' is defined but never used.  @typescript-eslint/no-unused-vars
2:72  Warning: 'Globe' is defined but never used.  @typescript-eslint/no-unused-vars
2:79  Warning: 'DollarSign' is defined but never used.  @typescript-eslint/no-unused-vars
2:91  Warning: 'Clock' is defined but never used.  @typescript-eslint/no-unused-vars
2:98  Warning: 'Shield' is defined but never used.  @typescript-eslint/no-unused-vars
2:106  Warning: 'UserCheck' is defined but never used.  @typescript-eslint/no-unused-vars
2:117  Warning: 'ExternalLink' is defined but never used.  @typescript-eslint/no-unused-vars
208:15  Warning: Using `<img>` could result in slower LCP and higher bandwidth. Consider using `<Image />` from `next/image` or a custom image loader to automatically optimize images. This may incur additional usage or cost from your provider. See: https://nextjs.org/docs/messages/no-img-element  @next/next/no-img-element

./src/components/forms/ProfileFormNew.tsx
92:10  Warning: 'isSubmitting' is assigned a value but never used.  @typescript-eslint/no-unused-vars
369:63  Warning: Unexpected any. Specify a different type.  @typescript-eslint/no-explicit-any

./src/components/Game.tsx
210:13  Warning: Using `<img>` could result in slower LCP and higher bandwidth. Consider using `<Image />` from `next/image` or a custom image loader to automatically optimize images. This may incur additional usage or cost from your provider. See: https://nextjs.org/docs/messages/no-img-element  @next/next/no-img-element
304:13  Warning: Using `<img>` could result in slower LCP and higher bandwidth. Consider using `<Image />` from `next/image` or a custom image loader to automatically optimize images. This may incur additional usage or cost from your provider. See: https://nextjs.org/docs/messages/no-img-element  @next/next/no-img-element

./src/components/Header.tsx
40:15  Warning: Using `<img>` could result in slower LCP and higher bandwidth. Consider using `<Image />` from `next/image` or a custom image loader to automatically optimize images. This may incur additional usage or cost from your provider. See: https://nextjs.org/docs/messages/no-img-element  @next/next/no-img-element

./src/components/Hero.tsx
101:13  Warning: Using `<img>` could result in slower LCP and higher bandwidth. Consider using `<Image />` from `next/image` or a custom image loader to automatically optimize images. This may incur additional usage or cost from your provider. See: https://nextjs.org/docs/messages/no-img-element  @next/next/no-img-element

./src/components/Interactive3DVisualization.tsx
395:20  Warning: The ref value 'mountRef.current' will likely have changed by the time this effect cleanup function runs. If this ref points to a node rendered by React, copy 'mountRef.current' to a variable inside the effect, and use that variable in the cleanup function.  react-hooks/exhaustive-deps

./src/components/Morpher.tsx
40:12  Warning: Unexpected any. Specify a different type.  @typescript-eslint/no-explicit-any
47:12  Warning: Unexpected any. Specify a different type.  @typescript-eslint/no-explicit-any
68:6  Warning: React Hook useEffect has missing dependencies: 'controls', 'd', and 'dShadow'. Either include them or remove the dependency array.  react-hooks/exhaustive-deps

./src/components/pages/AIInterviewPage.tsx
123:60  Warning: Unexpected any. Specify a different type.  @typescript-eslint/no-explicit-any
175:21  Warning: Unexpected any. Specify a different type.  @typescript-eslint/no-explicit-any

./src/components/pages/JobListingsPage.tsx
47:6  Warning: React Hook React.useEffect has a missing dependency: 'authLoading'. Either include it or remove the dependency array.  react-hooks/exhaustive-deps
60:6  Warning: React Hook useEffect has a missing dependency: 'searchJobs'. Either include it or remove the dependency array.  react-hooks/exhaustive-deps
77:19  Warning: Unexpected any. Specify a different type.  @typescript-eslint/no-explicit-any

./src/components/Profile.tsx
5:21  Warning: 'UserProfile' is defined but never used.  @typescript-eslint/no-unused-vars
73:19  Warning: Unexpected any. Specify a different type.  @typescript-eslint/no-explicit-any

./src/components/Team.tsx
19:11  Warning: Using `<img>` could result in slower LCP and higher bandwidth. Consider using `<Image />` from `next/image` or a custom image loader to automatically optimize images. This may incur additional usage or cost from your provider. See: https://nextjs.org/docs/messages/no-img-element  @next/next/no-img-element

./src/components/Testimonials.tsx
27:9  Warning: Using `<img>` could result in slower LCP and higher bandwidth. Consider using `<Image />` from `next/image` or a custom image loader to automatically optimize images. This may incur additional usage or cost from your provider. See: https://nextjs.org/docs/messages/no-img-element  @next/next/no-img-element

./src/components/Workflow.tsx
15:9  Warning: Using `<img>` could result in slower LCP and higher bandwidth. Consider using `<Image />` from `next/image` or a custom image loader to automatically optimize images. This may incur additional usage or cost from your provider. See: https://nextjs.org/docs/messages/no-img-element  @next/next/no-img-element
106:13  Warning: Using `<img>` could result in slower LCP and higher bandwidth. Consider using `<Image />` from `next/image` or a custom image loader to automatically optimize images. This may incur additional usage or cost from your provider. See: https://nextjs.org/docs/messages/no-img-element  @next/next/no-img-element

./src/pages/analytics-dashboard.tsx
5:15  Warning: 'EnhancementAnalytics' is defined but never used.  @typescript-eslint/no-unused-vars
11:52  Warning: Unexpected any. Specify a different type.  @typescript-eslint/no-explicit-any
18:6  Warning: React Hook React.useEffect has a missing dependency: 'loadAnalytics'. Either include it or remove the dependency array.  react-hooks/exhaustive-deps
24:52  Warning: Unexpected any. Specify a different type.  @typescript-eslint/no-explicit-any
29:40  Warning: Unexpected any. Specify a different type.  @typescript-eslint/no-explicit-any
29:48  Warning: Unexpected any. Specify a different type.  @typescript-eslint/no-explicit-any
51:34  Warning: Unexpected any. Specify a different type.  @typescript-eslint/no-explicit-any
57:34  Warning: Unexpected any. Specify a different type.  @typescript-eslint/no-explicit-any

./src/pages/api/convert-html-to-docx.ts
60:24  Warning: Unexpected any. Specify a different type.  @typescript-eslint/no-explicit-any
61:30  Warning: Unexpected any. Specify a different type.  @typescript-eslint/no-explicit-any
111:32  Warning: Unexpected any. Specify a different type.  @typescript-eslint/no-explicit-any
115:20  Warning: Unexpected any. Specify a different type.  @typescript-eslint/no-explicit-any
117:23  Warning: Unexpected any. Specify a different type.  @typescript-eslint/no-explicit-any
146:23  Warning: Unexpected any. Specify a different type.  @typescript-eslint/no-explicit-any
156:20  Warning: Unexpected any. Specify a different type.  @typescript-eslint/no-explicit-any
158:23  Warning: Unexpected any. Specify a different type.  @typescript-eslint/no-explicit-any
197:20  Warning: Unexpected any. Specify a different type.  @typescript-eslint/no-explicit-any
209:22  Warning: Unexpected any. Specify a different type.  @typescript-eslint/no-explicit-any
211:27  Warning: Unexpected any. Specify a different type.  @typescript-eslint/no-explicit-any
274:30  Warning: Unexpected any. Specify a different type.  @typescript-eslint/no-explicit-any
283:20  Warning: Unexpected any. Specify a different type.  @typescript-eslint/no-explicit-any
826:102  Warning: Unexpected any. Specify a different type.  @typescript-eslint/no-explicit-any
827:50  Warning: Unexpected any. Specify a different type.  @typescript-eslint/no-explicit-any

./src/pages/api/save-generated-pdfs.ts
229:21  Warning: Unexpected any. Specify a different type.  @typescript-eslint/no-explicit-any
239:20  Warning: 'publicError' is defined but never used.  @typescript-eslint/no-unused-vars

./src/pages/verify-email.tsx
35:17  Warning: Unexpected any. Specify a different type.  @typescript-eslint/no-explicit-any
52:17  Warning: Unexpected any. Specify a different type.  @typescript-eslint/no-explicit-any

./src/screens/Conversation.tsx
71:6  Warning: React Hook useEffect has a missing dependency: 'daily'. Either include it or remove the dependency array.  react-hooks/exhaustive-deps
112:6  Warning: React Hook useEffect has missing dependencies: 'conversation?.conversation_id', 'daily', and 'leaveConversation'. Either include them or remove the dependency array.  react-hooks/exhaustive-deps
186:6  Warning: React Hook useCallback has missing dependencies: 'conversation.conversation_id', 'naughtyScore', 'niceScore', 'setConversation', and 'setScreenState'. Either include them or remove the dependency array.  react-hooks/exhaustive-deps

./src/screens/IntroLoading.tsx
7:36  Warning: 'isDirectConversationAccess' is defined but never used.  @typescript-eslint/no-unused-vars
72:14  Warning: 'error' is defined but never used.  @typescript-eslint/no-unused-vars
79:6  Warning: React Hook useEffect has a missing dependency: 'healthCheck'. Either include it or remove the dependency array.  react-hooks/exhaustive-deps
98:6  Warning: React Hook useEffect has a missing dependency: 'setScreenState'. Either include it or remove the dependency array.  react-hooks/exhaustive-deps

./src/services/aiEnhancementService.ts
15:19  Warning: Unexpected any. Specify a different type.  @typescript-eslint/no-explicit-any
231:25  Warning: Unexpected any. Specify a different type.  @typescript-eslint/no-explicit-any
601:35  Warning: '_resumeText' is defined but never used.  @typescript-eslint/no-unused-vars
601:56  Warning: '_jobDescription' is defined but never used.  @typescript-eslint/no-unused-vars
968:42  Warning: 'e' is defined but never used.  @typescript-eslint/no-unused-vars
1012:41  Warning: Unexpected any. Specify a different type.  @typescript-eslint/no-explicit-any
1026:39  Warning: Unexpected any. Specify a different type.  @typescript-eslint/no-explicit-any
1131:28  Warning: Unexpected any. Specify a different type.  @typescript-eslint/no-explicit-any
1136:34  Warning: Unexpected any. Specify a different type.  @typescript-eslint/no-explicit-any
1190:44  Warning: Unexpected any. Specify a different type.  @typescript-eslint/no-explicit-any
1308:25  Warning: Unexpected any. Specify a different type.  @typescript-eslint/no-explicit-any
1365:25  Warning: Unexpected any. Specify a different type.  @typescript-eslint/no-explicit-any
1382:21  Warning: Unexpected any. Specify a different type.  @typescript-eslint/no-explicit-any
1404:53  Warning: Unexpected any. Specify a different type.  @typescript-eslint/no-explicit-any
1418:52  Warning: Unexpected any. Specify a different type.  @typescript-eslint/no-explicit-any
1441:25  Warning: Unexpected any. Specify a different type.  @typescript-eslint/no-explicit-any
1467:76  Warning: Unexpected any. Specify a different type.  @typescript-eslint/no-explicit-any
1525:53  Warning: Unexpected any. Specify a different type.  @typescript-eslint/no-explicit-any
1525:59  Warning: Unexpected any. Specify a different type.  @typescript-eslint/no-explicit-any
1553:47  Warning: Unexpected any. Specify a different type.  @typescript-eslint/no-explicit-any
1581:59  Warning: Unexpected any. Specify a different type.  @typescript-eslint/no-explicit-any
1581:67  Warning: Unexpected any. Specify a different type.  @typescript-eslint/no-explicit-any
1602:64  Warning: Unexpected any. Specify a different type.  @typescript-eslint/no-explicit-any
1613:51  Warning: Unexpected any. Specify a different type.  @typescript-eslint/no-explicit-any
1622:30  Warning: Unexpected any. Specify a different type.  @typescript-eslint/no-explicit-any
1623:33  Warning: Unexpected any. Specify a different type.  @typescript-eslint/no-explicit-any
1714:19  Warning: 'lineUpper' is assigned a value but never used.  @typescript-eslint/no-unused-vars

./src/services/auth/FirebaseAuthProvider.ts
87:14  Warning: 'error' is defined but never used.  @typescript-eslint/no-unused-vars
104:14  Warning: 'error' is defined but never used.  @typescript-eslint/no-unused-vars
140:14  Warning: 'error' is defined but never used.  @typescript-eslint/no-unused-vars
160:42  Warning: Unexpected any. Specify a different type.  @typescript-eslint/no-explicit-any
170:14  Warning: 'error' is defined but never used.  @typescript-eslint/no-unused-vars
188:14  Warning: 'error' is defined but never used.  @typescript-eslint/no-unused-vars
194:21  Warning: 'token' is defined but never used.  @typescript-eslint/no-unused-vars

./src/services/docxResumeGenerator.ts
250:42  Warning: Unexpected any. Specify a different type.  @typescript-eslint/no-explicit-any
310:43  Warning: Unexpected any. Specify a different type.  @typescript-eslint/no-explicit-any
310:49  Warning: Unexpected any. Specify a different type.  @typescript-eslint/no-explicit-any
334:76  Warning: Unexpected any. Specify a different type.  @typescript-eslint/no-explicit-any
346:61  Warning: Unexpected any. Specify a different type.  @typescript-eslint/no-explicit-any
917:25  Warning: Unexpected any. Specify a different type.  @typescript-eslint/no-explicit-any
949:22  Warning: Unexpected any. Specify a different type.  @typescript-eslint/no-explicit-any
977:26  Warning: Unexpected any. Specify a different type.  @typescript-eslint/no-explicit-any
1011:58  Warning: Unexpected any. Specify a different type.  @typescript-eslint/no-explicit-any
1016:57  Warning: Unexpected any. Specify a different type.  @typescript-eslint/no-explicit-any
1114:33  Warning: Unexpected any. Specify a different type.  @typescript-eslint/no-explicit-any
1143:33  Warning: Unexpected any. Specify a different type.  @typescript-eslint/no-explicit-any
1298:61  Warning: Unexpected any. Specify a different type.  @typescript-eslint/no-explicit-any
1301:37  Warning: Unexpected any. Specify a different type.  @typescript-eslint/no-explicit-any
1342:24  Warning: Unexpected any. Specify a different type.  @typescript-eslint/no-explicit-any
1507:23  Warning: Unexpected any. Specify a different type.  @typescript-eslint/no-explicit-any
1638:29  Warning: Unexpected any. Specify a different type.  @typescript-eslint/no-explicit-any
1724:21  Warning: Unexpected any. Specify a different type.  @typescript-eslint/no-explicit-any
1913:24  Warning: Unexpected any. Specify a different type.  @typescript-eslint/no-explicit-any
2031:27  Warning: Unexpected any. Specify a different type.  @typescript-eslint/no-explicit-any

./src/services/enhancedPdfToDocxService.ts
151:104  Warning: Unexpected any. Specify a different type.  @typescript-eslint/no-explicit-any

./src/services/firebaseAuthService.ts
106:14  Warning: 'error' is defined but never used.  @typescript-eslint/no-unused-vars
148:14  Warning: 'error' is defined but never used.  @typescript-eslint/no-unused-vars
168:14  Warning: 'error' is defined but never used.  @typescript-eslint/no-unused-vars

./src/services/firebaseStorageService.test.ts
202:1  Warning: Assign object to a variable before exporting as module default  import/no-anonymous-default-export

./src/services/htmlDocsService.ts
12:61  Warning: 'opts' is defined but never used.  @typescript-eslint/no-unused-vars
30:14  Warning: '_e' is defined but never used.  @typescript-eslint/no-unused-vars
53:14  Warning: '_e' is defined but never used.  @typescript-eslint/no-unused-vars
83:47  Warning: Unexpected any. Specify a different type.  @typescript-eslint/no-explicit-any
101:90  Warning: Unexpected any. Specify a different type.  @typescript-eslint/no-explicit-any
107:67  Warning: Unexpected any. Specify a different type.  @typescript-eslint/no-explicit-any
117:97  Warning: Unexpected any. Specify a different type.  @typescript-eslint/no-explicit-any
120:71  Warning: Unexpected any. Specify a different type.  @typescript-eslint/no-explicit-any
142:26  Warning: Unexpected any. Specify a different type.  @typescript-eslint/no-explicit-any
143:15  Warning: Unexpected any. Specify a different type.  @typescript-eslint/no-explicit-any
161:12  Warning: 'e' is defined but never used.  @typescript-eslint/no-unused-vars

./src/services/jobIdMappingService.ts
46:14  Warning: 'error' is defined but never used.  @typescript-eslint/no-unused-vars
58:14  Warning: 'error' is defined but never used.  @typescript-eslint/no-unused-vars
71:14  Warning: 'error' is defined but never used.  @typescript-eslint/no-unused-vars
83:14  Warning: 'error' is defined but never used.  @typescript-eslint/no-unused-vars
91:26  Warning: 'userId' is defined but never used.  @typescript-eslint/no-unused-vars
96:14  Warning: 'error' is defined but never used.  @typescript-eslint/no-unused-vars
116:14  Warning: 'error' is defined but never used.  @typescript-eslint/no-unused-vars
135:14  Warning: 'error' is defined but never used.  @typescript-eslint/no-unused-vars
145:14  Warning: 'error' is defined but never used.  @typescript-eslint/no-unused-vars
155:14  Warning: 'error' is defined but never used.  @typescript-eslint/no-unused-vars

./src/services/jobSearchService.ts
101:64  Warning: Unexpected any. Specify a different type.  @typescript-eslint/no-explicit-any

./src/services/pdfExtractionService.ts
78:21  Warning: Unexpected any. Specify a different type.  @typescript-eslint/no-explicit-any

./src/services/pdfGenerationService.ts
1:26  Warning: 'handleApiError' is defined but never used.  @typescript-eslint/no-unused-vars
135:26  Warning: 'e' is defined but never used.  @typescript-eslint/no-unused-vars
159:26  Warning: 'jsonError' is defined but never used.  @typescript-eslint/no-unused-vars
198:25  Warning: Unexpected any. Specify a different type.  @typescript-eslint/no-explicit-any
359:26  Warning: 'e' is defined but never used.  @typescript-eslint/no-unused-vars
383:26  Warning: 'jsonError' is defined but never used.  @typescript-eslint/no-unused-vars
422:25  Warning: Unexpected any. Specify a different type.  @typescript-eslint/no-explicit-any
516:46  Warning: Unexpected any. Specify a different type.  @typescript-eslint/no-explicit-any
531:47  Warning: Unexpected any. Specify a different type.  @typescript-eslint/no-explicit-any
595:58  Warning: Unexpected any. Specify a different type.  @typescript-eslint/no-explicit-any

./src/services/pdfToDocxService.ts
1:13  Warning: 'fs' is defined but never used.  @typescript-eslint/no-unused-vars
44:60  Warning: Unexpected any. Specify a different type.  @typescript-eslint/no-explicit-any
88:55  Warning: Unexpected any. Specify a different type.  @typescript-eslint/no-explicit-any
88:63  Warning: Unexpected any. Specify a different type.  @typescript-eslint/no-explicit-any
99:22  Warning: Unexpected any. Specify a different type.  @typescript-eslint/no-explicit-any
134:96  Warning: Unexpected any. Specify a different type.  @typescript-eslint/no-explicit-any
170:88  Warning: Unexpected any. Specify a different type.  @typescript-eslint/no-explicit-any
211:47  Warning: 'lineIndex' is defined but never used.  @typescript-eslint/no-unused-vars
211:66  Warning: 'allLines' is defined but never used.  @typescript-eslint/no-unused-vars
211:76  Warning: Unexpected any. Specify a different type.  @typescript-eslint/no-explicit-any
331:68  Warning: Unexpected any. Specify a different type.  @typescript-eslint/no-explicit-any
485:61  Warning: Unexpected any. Specify a different type.  @typescript-eslint/no-explicit-any
706:56  Warning: Unexpected any. Specify a different type.  @typescript-eslint/no-explicit-any

./src/services/resumeExtractionService.ts
9:18  Warning: Unexpected any. Specify a different type.  @typescript-eslint/no-explicit-any
38:56  Warning: Unexpected any. Specify a different type.  @typescript-eslint/no-explicit-any
194:25  Warning: Unexpected any. Specify a different type.  @typescript-eslint/no-explicit-any
255:40  Warning: Unexpected any. Specify a different type.  @typescript-eslint/no-explicit-any
255:46  Warning: Unexpected any. Specify a different type.  @typescript-eslint/no-explicit-any
279:97  Warning: Unexpected any. Specify a different type.  @typescript-eslint/no-explicit-any
295:100  Warning: Unexpected any. Specify a different type.  @typescript-eslint/no-explicit-any
324:95  Warning: Unexpected any. Specify a different type.  @typescript-eslint/no-explicit-any
340:113  Warning: Unexpected any. Specify a different type.  @typescript-eslint/no-explicit-any
352:90  Warning: Unexpected any. Specify a different type.  @typescript-eslint/no-explicit-any
364:98  Warning: Unexpected any. Specify a different type.  @typescript-eslint/no-explicit-any
373:97  Warning: Unexpected any. Specify a different type.  @typescript-eslint/no-explicit-any
382:106  Warning: Unexpected any. Specify a different type.  @typescript-eslint/no-explicit-any

./src/services/__tests__/projectValidation.test.ts
181:13  Warning: 'generator' is assigned a value but never used.  @typescript-eslint/no-unused-vars
198:13  Warning: 'generator' is assigned a value but never used.  @typescript-eslint/no-unused-vars
218:13  Warning: 'generator' is assigned a value but never used.  @typescript-eslint/no-unused-vars

./src/store/aiEnhancementModalSlice.ts
19:24  Warning: Unexpected any. Specify a different type.  @typescript-eslint/no-explicit-any
42:16  Warning: 'state' is defined but never used.  @typescript-eslint/no-unused-vars
66:57  Warning: Unexpected any. Specify a different type.  @typescript-eslint/no-explicit-any

./src/store/applicationModalSlice.ts
18:23  Warning: Unexpected any. Specify a different type.  @typescript-eslint/no-explicit-any
43:66  Warning: Unexpected any. Specify a different type.  @typescript-eslint/no-explicit-any

./src/store/dashboardSlice.ts
10:23  Warning: Unexpected any. Specify a different type.  @typescript-eslint/no-explicit-any
19:18  Warning: Unexpected any. Specify a different type.  @typescript-eslint/no-explicit-any
69:56  Warning: Unexpected any. Specify a different type.  @typescript-eslint/no-explicit-any
75:51  Warning: Unexpected any. Specify a different type.  @typescript-eslint/no-explicit-any

./src/store/resumeTemplateFormSlice.ts
4:13  Warning: Unexpected any. Specify a different type.  @typescript-eslint/no-explicit-any
21:46  Warning: Unexpected any. Specify a different type.  @typescript-eslint/no-explicit-any

./src/store/store.ts
11:13  Warning: '_key' is defined but never used.  @typescript-eslint/no-unused-vars
17:16  Warning: '_key' is defined but never used.  @typescript-eslint/no-unused-vars

./src/types/puppeteer.d.ts
2:20  Warning: Unexpected any. Specify a different type.  @typescript-eslint/no-explicit-any

./src/utils/apiErrorUtils.ts
11:26  Warning: Unexpected any. Specify a different type.  @typescript-eslint/no-explicit-any
12:18  Warning: Unexpected any. Specify a different type.  @typescript-eslint/no-explicit-any
15:78  Warning: Unexpected any. Specify a different type.  @typescript-eslint/no-explicit-any
29:26  Warning: Unexpected any. Specify a different type.  @typescript-eslint/no-explicit-any
51:12  Warning: 'e' is defined but never used.  @typescript-eslint/no-unused-vars
58:14  Warning: 'textError' is defined but never used.  @typescript-eslint/no-unused-vars
78:26  Warning: Unexpected any. Specify a different type.  @typescript-eslint/no-explicit-any
100:19  Warning: Unexpected any. Specify a different type.  @typescript-eslint/no-explicit-any

./src/utils/authErrorHandler.ts
16:46  Warning: Unexpected any. Specify a different type.  @typescript-eslint/no-explicit-any
68:41  Warning: Unexpected any. Specify a different type.  @typescript-eslint/no-explicit-any
131:40  Warning: Unexpected any. Specify a different type.  @typescript-eslint/no-explicit-any

./src/utils/pdfUtils.ts
7:16  Warning: Unexpected any. Specify a different type.  @typescript-eslint/no-explicit-any
9:26  Warning: Unexpected any. Specify a different type.  @typescript-eslint/no-explicit-any
103:33  Warning: Unexpected any. Specify a different type.  @typescript-eslint/no-explicit-any
130:33  Warning: Unexpected any. Specify a different type.  @typescript-eslint/no-explicit-any
336:47  Warning: Unexpected any. Specify a different type.  @typescript-eslint/no-explicit-any
336:61  Warning: Unexpected any. Specify a different type.  @typescript-eslint/no-explicit-any
337:21  Warning: Unexpected any. Specify a different type.  @typescript-eslint/no-explicit-any
371:64  Warning: Unexpected any. Specify a different type.  @typescript-eslint/no-explicit-any
378:35  Warning: Unexpected any. Specify a different type.  @typescript-eslint/no-explicit-any
422:45  Warning: Unexpected any. Specify a different type.  @typescript-eslint/no-explicit-any
422:53  Warning: Unexpected any. Specify a different type.  @typescript-eslint/no-explicit-any
433:18  Warning: Unexpected any. Specify a different type.  @typescript-eslint/no-explicit-any
468:86  Warning: Unexpected any. Specify a different type.  @typescript-eslint/no-explicit-any
504:78  Warning: Unexpected any. Specify a different type.  @typescript-eslint/no-explicit-any
545:37  Warning: 'lineIndex' is defined but never used.  @typescript-eslint/no-unused-vars
545:56  Warning: 'allLines' is defined but never used.  @typescript-eslint/no-unused-vars
545:66  Warning: Unexpected any. Specify a different type.  @typescript-eslint/no-explicit-any

./src/utils/suppressWarnings.ts
9:26  Warning: Unexpected any. Specify a different type.  @typescript-eslint/no-explicit-any
27:27  Warning: Unexpected any. Specify a different type.  @typescript-eslint/no-explicit-any
43:25  Warning: Unexpected any. Specify a different type.  @typescript-eslint/no-explicit-any

info  - Need to disable some ESLint rules? Learn more here: https://nextjs.org/docs/app/api-reference/config/eslint#disabling-rules
   Creating an optimized production build ...
pnpm : [baseline-browser-mapping] The data in this module is over two months old.  To ensure accurate Baseline data, please update: `npm i baseline-browser-mapping@latest -D`
At line:1 char:1
+ pnpm run build > build-output.txt 2>&1 ; Get-Content build-output.txt ...
+ ~~~~~~~~~~~~~~~~~~~~~~~~~~~~~~~~~~~~~~
    + CategoryInfo          : NotSpecified: ([baseline-brows...ping@latest -D`:String) [], RemoteException
    + FullyQualifiedErrorId : NativeCommandError
 
 Γ£ô Compiled successfully in 6.0s
   Collecting page data ...
   Generating static pages (0/10) ...
   Generating static pages (2/10) 
   Generating static pages (4/10) 
   Generating static pages (7/10) 
 Γ£ô Generating static pages (10/10)
   Finalizing page optimization ...
   Collecting build traces ...

Route (pages)                                 Size  First Load JS
Γöî Γùï / (1955 ms)                             137 kB         352 kB
Γö£   /_app                                      0 B         213 kB
Γö£ ╞Æ /404                                   1.03 kB         214 kB
Γö£ Γùï /ai-interview (1956 ms)                6.71 kB         221 kB
Γö£ Γùï /analytics-dashboard (1956 ms)          3.2 kB         216 kB
Γö£ ╞Æ /api/convert-html-to-docx                  0 B         213 kB
Γö£ ╞Æ /api/save-generated-pdfs                   0 B         213 kB
Γö£ Γùï /dashboard (1611 ms)                    580 kB         795 kB
Γö£ Γùï /job-listings (1955 ms)                5.95 kB         221 kB
Γö£ Γùï /job-search (1956 ms)                  3.21 kB         218 kB
Γö£ Γùï /login (1957 ms)                       10.3 kB         225 kB
Γö£ Γùï /register (1612 ms)                    32.5 kB         250 kB
Γö£ Γùï /verify-email (1958 ms)                1.58 kB         216 kB
Γöö Γùï /verify-phone (1962 ms)                2.22 kB         219 kB
+ First Load JS shared by all               228 kB
  Γö£ chunks/framework-2c6f896dc7053407.js   44.7 kB
  Γö£ chunks/main-094c51d6d805a0bf.js          31 kB
  Γö£ chunks/pages/_app-71c8bc8c3b809613.js   135 kB
  Γö£ css/29be05d33605321d.css               14.8 kB
  Γöö other shared chunks (total)            1.83 kB

Γùï  (Static)   prerendered as static content
╞Æ  (Dynamic)  server-rendered on demand

